Microsoft Windows [Version 10.0.19045.6466]
(c) Microsoft Corporation. All rights reserved.

F:\Documents\_SYNC\SCRIPT\Remove duplicated files>py delete_duplicated_files.py
Đã tải 1988 tên file từ danh sách Drive.
Bắt đầu quét thư mục Local để xóa file trùng...
 Đã xóa file trùng: E:\Sach\Books_duplicated\Góc Nhìn Của Người Thông Thái - Robert Fulghum.pdf
 Đã xóa file trùng: E:\Sach\Books_duplicated\Dam Bi Ghet - Koga Fumitake & Kishimi Ichiro.pdf
 Đã xóa file trùng: E:\Sach\Books_duplicated\SachMoi.Net_phut-dung-lai-cua-nguoi-thong-minh-atul-gawande.pdf
 Đã xóa file trùng: E:\Sach\Books_duplicated\SachMoi.net-bi-an-cua-nhan-loai-minh-anh.pdf
 Đã xóa file trùng: E:\Sach\Books_duplicated\Tai Sao Chung Ta Khong Hanh Phuc - Phi Tuyet.pdf
 Đã xóa file trùng: E:\Sach\Books_duplicated\sachmoi.net_nhung_bac_thay_thanh_cong.pdf
 Đã xóa file trùng: E:\Sach\Books_duplicated\nhasachmienphi-hoi-uc-cua-mot-thien-tai-dau-tu-chung-khoan.pdf
 Đã xóa file trùng: E:\Sach\Books_duplicated\Trí Tuệ Của Người Xưa - Dương Thu Ái & Nguyễn Kim Hanh.pdf
 Đã xóa file trùng: E:\Sach\Books_duplicated\tai-sao-cang-ban-cang-ngheo-cang-nhan-cang-giau_compress.pdf
 Đã xóa file trùng: E:\Sach\Books_duplicated\100 Hoạt Động Montessori - Con Không Cần Ipad Để Lớn Khôn - Eve Herrmann & Trần Thị Huế (dịch).pdf
 Đã xóa file trùng: E:\Sach\Books_duplicated\Đời Ngắn Lắm, Đừng Làm Việc Vô Nghĩa! - David Graeber.pdf
 Đã xóa file trùng: E:\Sach\Books_duplicated\13736-ngay-bay-gio-hoac-khong-bao-gio-23-thoi-quen-chong-lai-su-tri-hoan-thuviensach.vn.pdf
 Đã xóa file trùng: E:\Sach\Books_duplicated\Làm Chủ Cuộc Chơi Thay Đổi Cuộc Đời - Weldon Long.pdf
 Đã xóa file trùng: E:\Sach\Books_duplicated\Khong-co-bua-an-nao-mien-phi-alan-phan.pdf
 Đã xóa file trùng: E:\Sach\Books_duplicated\Tuong Lai Nhan Loai - Michio Kaku.pdf
 Đã xóa file trùng: E:\Sach\Books_duplicated\Sachmoi.net-kinh-te-hoc-danh-cho-dai-chung.pdf
 Đã xóa file trùng: E:\Sach\Books_duplicated\sachmoi.net-mat-ma-do-thai-perry-stone.pdf
 Đã xóa file trùng: E:\Sach\Books_duplicated\Làm Giàu - Napoleon Hill.pdf
 Đã xóa file trùng: E:\Sach\Books_duplicated\Cang Doc Lap Cang Cao Quy - Van Tinh.pdf
 Đã xóa file trùng: E:\Sach\Books_duplicated\SachMoi.Net_toi-la-ai-–-va-neu-vay-thi-bao-nhieu--richard-david-precht.pdf
 Đã xóa file trùng: E:\Sach\Books_duplicated\Nghệ Thuật Theo Đuổi Sự Tối Giản - Greg McKeown.pdf
 Đã xóa file trùng: E:\Sach\Books_duplicated\nguoi-giau-co-nhat-thanh-babylon.pdf
 Đã xóa file trùng: E:\Sach\Books_duplicated\5585-buoc-cham-lai-giua-the-gian-voi-va-pdf-khoahoctamlinh.vn.pdf
 Đã xóa file trùng: E:\Sach\Books_duplicated\Công Nghiệp Tương Lai - Alec Ross.pdf
 Đã xóa file trùng: E:\Sach\Books_duplicated\Tôi Đã Kiếm 2.000.000 Đô La Từ Thị Trường Chứng Khoán Như Thế Nào_ - Nicolas Darvas.pdf
 Đã xóa file trùng: E:\Sach\Books_duplicated\Tư Duy Tích Cực – Bạn Chính Là Những Gì Bạn Nghĩ! - Trish Summerfield & Frederic Labarthe & Anthony Strano.pdf
 Đã xóa file trùng: E:\Sach\Books_duplicated\Tiếng Chim Hót Trong Bụi Mận Gai - Colleen McCulough.pdf
 Đã xóa file trùng: E:\Sach\Books_duplicated\10 Thoi Quen Trieu Phu - Dean Graziosi.pdf
 Đã xóa file trùng: E:\Sach\Books_duplicated\Song Toi Gian - Erica Layne.pdf
 Đã xóa file trùng: E:\Sach\Books_duplicated\2030_ Những Xu Hướng Lớn Sẽ Định Hình Thế Giới Tương Lai - Mauro F. Guillén.pdf
 Đã xóa file trùng: E:\Sach\Books_duplicated\Đông Phương Luận - Edward W. Said.pdf
 Đã xóa file trùng: E:\Sach\Books_duplicated\tu-vung-tieng-anh-chuyen-nganh-tai-chinh.pdf
 Đã xóa file trùng: E:\Sach\Books_duplicated\Yeu Nhung Dieu Khong Hoan Hao - Hae Min.pdf
 Đã xóa file trùng: E:\Sach\Books_duplicated\Muon-kiep-nhan-sinh.pdf
 Đã xóa file trùng: E:\Sach\Books_duplicated\Những Vụ Án Nổi Tiếng Trên Thế Giới - Nhiều tác giả.pdf
 Đã xóa file trùng: E:\Sach\Books_duplicated\Chứng Khoán - Hãy Đầu Tư Như Một Nhà Nông - Park Young Ok.pdf
 Đã xóa file trùng: E:\Sach\Books_duplicated\nhasachmienphi-suy-nghi-va-lam-giau.pdf
 Đã xóa file trùng: E:\Sach\Books_duplicated\Nghệ Thuật Tối Giản - Có Ít Đi, Sống Nhiều Hơn - Dominique Loreau.pdf
 Đã xóa file trùng: E:\Sach\Books_duplicated\Sao Chúng Ta Lại Ngủ - Matthew Walker.pdf
 Đã xóa file trùng: E:\Sach\Books_duplicated\SachMoi.Net_Ke-chuyen-ve-kim-loai.pdf
 Đã xóa file trùng: E:\Sach\Books_duplicated\Blockchain - Mark Gates.pdf
 Đã xóa file trùng: E:\Sach\Books_duplicated\Tại Sao Phương Tây Vượt Trội - Ian Morris & Nguyễn Thanh Xuân (dịch).pdf
 Đã xóa file trùng: E:\Sach\Books_duplicated\nhasachmienphi-suoi-nguon.pdf
 Đã xóa file trùng: E:\Sach\Books_duplicated\Ám Ảnh Từ Kiếp Trước - Dr. Brian L. Weiss.pdf
 Đã xóa file trùng: E:\Sach\Books_duplicated\Con Nguoi 80_20 - Richard Koch.pdf
 Đã xóa file trùng: E:\Sach\Books_duplicated\Giàu Từ Chứng Khoán - John Boik.pdf
 Đã xóa file trùng: E:\Sach\Books_duplicated\Te Bao Goc - Bi Mat Cua Suoi Nguoi Tuoi Tre - Neil H Riordan pa.pdf
 Đã xóa file trùng: E:\Sach\Books_duplicated\1001 Y Tuong Dot Pha Trong Quang Cao - Luc Dupont.pdf
 Đã xóa file trùng: E:\Sach\Books_duplicated\Gen Lịch Sử Và Tương Lai Của Nhân Loại.pdf
 Đã xóa file trùng: E:\Sach\Books_duplicated\SachMoi.Net-Ben-le-chinh-su.pdf
 Đã xóa file trùng: E:\Sach\Books_duplicated\Vật Lý Thiên Văn Cho Người Vội Vã - Neil DeGrasse Tyson.pdf
 Đã xóa file trùng: E:\Sach\Books_duplicated\luu-ban-nhap-tu-dong-2-3.pdf
 Đã xóa file trùng: E:\Sach\Books_duplicated\Đất vỡ hoang - Mikhail Sholokhov.pdf
 Đã xóa file trùng: E:\Sach\Books_duplicated\Lối Sống Tối Giản Thời Công Nghệ Số - Cal Newport & Khánh Trang (dịch).pdf
 Đã xóa file trùng: E:\Sach\Books_duplicated\sachmoi.net - Day con lam giau - Robert T. Kiyosaki.pdf
 Đã xóa file trùng: E:\Sach\Books_duplicated\daoduckinh-laotu_nguyenduycan.pdf
 Đã xóa file trùng: E:\Sach\Books_duplicated\SachMoi.Net_trump-100-loi-khuyen-dau-tu-bat-dong-san-khon-ngoan-nhat.pdf
 Đã xóa file trùng: E:\Sach\Books_duplicated\Dẫn Luận Về Do Thái Giáo - Norman Solomon.pdf
 Đã xóa file trùng: E:\Sach\Books_duplicated\Khac Biet - Tien sy Youngme Moon.pdf
 Đã xóa file trùng: E:\Sach\Books_duplicated\NỔI LÒNG - Natsume Sseki.pdf
 Đã xóa file trùng: E:\Sach\Books_duplicated\Vì Sao Tôi Khổ_ - Nguyên Minh.pdf
 Đã xóa file trùng: E:\Sach\Books_duplicated\SachMoi.Net_mat-ma-tu-co-dien-den-luong-tu-simon-singh.pdf
 Đã xóa file trùng: E:\Sach\Books_duplicated\SachMoi.Net_Tai-sao-lai-chan-chu.pdf
 Đã xóa file trùng: E:\Sach\Books_duplicated\Làm Giàu Trong Nền Kinh Tế Tri Thức - Lester C. Thurow.pdf
 Đã xóa file trùng: E:\Sach\Books_duplicated\Ba tuoc MongtoCrixto - Alexandre Dumas.pdf
 Đã xóa file trùng: E:\Sach\Books_duplicated\nguoi-dam-cho-di.pdf
 Đã xóa file trùng: E:\Sach\Books_duplicated\Khoa Học Hóa Suy Nghĩ Và Làm Việc Học Tập - Đào Tiến Đức.pdf
 Đã xóa file trùng: E:\Sach\Books_duplicated\SachMoi.Net-Bi-quyet-don-gian-hoa-cuoc-song.pdf
 Đã xóa file trùng: E:\Sach\Books_duplicated\sachmoi.net_suoi_nguon.pdf
 Đã xóa file trùng: E:\Sach\Books_duplicated\Tai sao dan ong thich tinh duc - Allan.pdf
 Đã xóa file trùng: E:\Sach\Books_duplicated\Công Thức TikTok Ads 1000 Đơn - Phạm Minh Quân.pdf
 Đã xóa file trùng: E:\Sach\Books_duplicated\Lối Sống Tối Giản Của Người Nhật - Sasaki Fumio.pdf
 Đã xóa file trùng: E:\Sach\Books_duplicated\Vì Sao Chúng Ta Làm Việc - Barry Schwartz.pdf
 Đã xóa file trùng: E:\Sach\Books_duplicated\21 Nguyen Tac Tu Do Tai Chinh - Brian Tracy.pdf
 Đã xóa file trùng: E:\Sach\Books_duplicated\10 Điều Khác Biệt Nhất Giữa Kẻ Làm Chủ và Người Làm - Keith Cameron Smith.pdf
 Đã xóa file trùng: E:\Sach\Books_duplicated\SachMoi.net-Bo-gia.pdf
 Đã xóa file trùng: E:\Sach\Books_duplicated\ban-that-su-co-tai.pdf
 Đã xóa file trùng: E:\Sach\Books_duplicated\Chat GPT – Ứng Dụng Trí Tuệ Nhân Tạo Trong Công Việc - Dr. Gleb Tsipursky & Hạnh Dung (dịch).pdf
 Đã xóa file trùng: E:\Sach\Books_duplicated\Đầu Tư Tương Lai - Hoàng Xuân Việt.pdf
 Đã xóa file trùng: E:\Sach\Books_duplicated\Sieu Tri Tue - Nick Bostrom.pdf
 Đã xóa file trùng: E:\Sach\Books_duplicated\CoHocTinhHoa.pdf
 Đã xóa file trùng: E:\Sach\Books_duplicated\10 Buoc Xay Dung Thanh Cong Thuong Hieu Viet Tren Amazon - Alex Tran.pdf
 Đã xóa file trùng: E:\Sach\Books_duplicated\Tại Sao Thầy Bói Nói Đúng - Richard Wiseman & Ngọc Duy (dịch).pdf
 Đã xóa file trùng: E:\Sach\Books_duplicated\SachMoi.net-tien-khong-bao-gio-la-du.pdf
 Đã xóa file trùng: E:\Sach\Books_duplicated\Tim minh trong the gioi hau tuo - Dang Hoang Giang.pdf
 Đã xóa file trùng: E:\Sach\Books_duplicated\Đừng bao giờ đi ăn một mình - Keith Ferrazzi.pdf
 Đã xóa file trùng: E:\Sach\Books_duplicated\Cach-nghi-de-thanh-cong.pdf
 Đã xóa file trùng: E:\Sach\Books_duplicated\SachMoi.net_Cac-khai-niem-co-ban-ve-kinh-te-song-ngu-anh-viet-nhieu-tac-gia.pdf
 Đã xóa file trùng: E:\Sach\Books_duplicated\Dẫn luận về Thiên Tài - Andrew Robinson & Hải Ngọc (dịch).pdf
 Đã xóa file trùng: E:\Sach\Books_duplicated\napoleon-hill-think-and-grow-rich.pdf
 Đã xóa file trùng: E:\Sach\Books_duplicated\Công Thức Kỳ Diệu Chinh Phục Thị Trường Chứng Khoán - Joel Greenblatt.pdf
 Đã xóa file trùng: E:\Sach\Books_duplicated\Trí Thông Minh Thực Dụng - Harvey Deutschendorf.pdf
 Đã xóa file trùng: E:\Sach\Books_duplicated\English For Today - Nhiều Tác Giả.pdf
 Đã xóa file trùng: E:\Sach\Books_duplicated\Sachmoi.net_dung_ep_con_khon_som.pdf
 Đã xóa file trùng: E:\Sach\Books_duplicated\Người Bản Lĩnh - Hoàng Xuân Việt.pdf
 Đã xóa file trùng: E:\Sach\Books_duplicated\Việt Nam sử lược — Quyển I - Trần Trọng Kim.pdf
 Đã xóa file trùng: E:\Sach\Books_duplicated\SachMoi.Net-Hoang-Le-nhat-thong-chi.pdf
 Đã xóa file trùng: E:\Sach\Books_duplicated\SachMoi.Net-Doc-sach-nhu-mot-nghe-thuat.pdf
 Đã xóa file trùng: E:\Sach\Books_duplicated\Sói Già Phố Wall (Phần 1) - Jordan Belfort.pdf
 Đã xóa file trùng: E:\Sach\Books_duplicated\Cach Bien Kha Nang Cua Ban Thanh Tien - Earl Prevette.pdf
 Đã xóa file trùng: E:\Sach\Books_duplicated\Cổ Học Tinh Hoa - Ôn Như Nguyễn Văn Ngọc & Tú An Trần Lê Nhân.pdf
 Đã xóa file trùng: E:\Sach\Books_duplicated\5 Bước Giải Mã Giấc Mơ - Gillian Holloway.pdf
 Đã xóa file trùng: E:\Sach\Books_duplicated\Bửu Tạng Luận - Thích Duy Lực.pdf
 Đã xóa file trùng: E:\Sach\Books_duplicated\Tam Ly Thi Truong Chung Khoan - George Selden.pdf
 Đã xóa file trùng: E:\Sach\Books_duplicated\SachMoi.Net-hoc-khon-ngoan-ma-khong-gian-nan-kevin-paul.pdf
 Đã xóa file trùng: E:\Sach\Books_duplicated\Sapiens_ Luoc Su Loai Nguoi - Yuval Noah Harari.pdf
 Đã xóa file trùng: E:\Sach\Books_duplicated\Để Được Trọng Dụng & Đãi Ngộ - Brian Tracy.pdf
 Đã xóa file trùng: E:\Sach\Books_duplicated\Loi_Song_Toi_Gian_Cua_Nguoi_Nhat_3afe9b8957.pdf
 Đã xóa file trùng: E:\Sach\Books_duplicated\Think-And-Grow-Rich_2011-06.pdf
 Đã xóa file trùng: E:\Sach\Books_duplicated\[www.sachmoi.net]-Suc manh cua thoi quen - Charles Duhigg.pdf
 Đã xóa file trùng: E:\Sach\Books_duplicated\TOEIC_600_Essential_Words_for_the_TOEIC.pdf
 Đã xóa file trùng: E:\Sach\Books_duplicated\Khong Gian - Cac Vi Sao - Va Nguoi Ngoai Hanh Tinh - Nick Arnold.pdf
 Đã xóa file trùng: E:\Sach\Books_duplicated\Việt Nam sử lược_Quyển II — Quyển II - Trần Trọng Kim.pdf
 Đã xóa file trùng: E:\Sach\Books_duplicated\Sống Với Sách - Alan Powers.pdf
Hoàn thành dọn dẹp!

F:\Documents\_SYNC\SCRIPT\Remove duplicated files>